// Jest Snapshot v1, https://goo.gl/fbAQLP

exports[`renders correctly 1`] = `
<View
  style={
    Object {
      "alignItems": "center",
      "backgroundColor": "#404040",
      "flex": 1,
      "justifyContent": "center",
    }
  }
>
  <View>
    <View
      style={
        Object {
          "alignSelf": "center",
          "justifyContent": "center",
          "margin": 10,
        }
      }
    >
      <Image
        source={1}
      />
    </View>
    <View
      style={
        Object {
          "alignSelf": "stretch",
          "justifyContent": "center",
          "padding": 10,
          "width": 500,
        }
      }
    >
      <TextInput
        onChangeText={[Function]}
        placeholder="User ID"
        placeholderTextColor="grey"
        style={
          Object {
            "borderBottomColor": "grey",
            "borderBottomWidth": 1,
            "color": "white",
            "fontSize": 16,
            "height": 40,
            "margin": 10,
          }
        }
        underlineColorAndroid="transparent"
        value={null}
      />
      <TextInput
        onChangeText={[Function]}
        placeholder="Password"
        placeholderTextColor="grey"
        secureTextEntry={true}
        style={
          Object {
            "borderBottomColor": "grey",
            "borderBottomWidth": 1,
            "color": "white",
            "fontSize": 16,
            "height": 40,
            "margin": 10,
          }
        }
        underlineColorAndroid="transparent"
        value={null}
      />
    </View>
    <View
      style={
        Object {
          "flexDirection": "row",
          "justifyContent": "center",
        }
      }
    >
      <View>
        <View
          accessibilityComponentType={undefined}
          accessibilityLabel={undefined}
          accessibilityTraits={undefined}
          accessible={true}
          collapsable={undefined}
          hitSlop={undefined}
          isTVSelectable={true}
          nativeID={undefined}
          onLayout={undefined}
          onResponderGrant={[Function]}
          onResponderMove={[Function]}
          onResponderRelease={[Function]}
          onResponderTerminate={[Function]}
          onResponderTerminationRequest={[Function]}
          onStartShouldSetResponder={[Function]}
          style={
            Object {
              "alignItems": "center",
              "backgroundColor": "#f57e20",
              "borderRadius": 3,
              "elevation": 0,
              "justifyContent": "center",
              "opacity": 1,
              "paddingHorizontal": 12,
              "paddingVertical": 8,
            }
          }
          testID={undefined}
          tvParallaxProperties={undefined}
        >
          <Text
            accessible={true}
            allowFontScaling={true}
            disabled={false}
            ellipsizeMode="tail"
            style={
              Array [
                Object {
                  "color": "white",
                  "fontFamily": "Roboto",
                  "fontSize": 18,
                  "fontWeight": "bold",
                },
                Object {
                  "color": "white",
                },
                undefined,
              ]
            }
          >
            LOGIN
          </Text>
        </View>
      </View>
    </View>
  </View>
  <ActivityIndicator
    animating={true}
    color="#999999"
    hidesWhenStopped={true}
    size="large"
    style={
      Object {
        "alignItems": "center",
        "backgroundColor": "white",
        "bottom": 0,
        "justifyContent": "center",
        "left": 0,
        "position": "absolute",
        "right": 0,
        "top": 0,
      }
    }
  />
</View>
`;
